IO在计算机中指Input/Output，也就是输入和输出。由于程序和运行时数据是在内存中驻留，由CPU这个超快的计算核心来执行，涉及到数据交换的地方，通常是磁盘、网络等，就需要IO接口
由于CPU和内存的速度远远高于外设的速度，所以，在IO编程中，就存在速度严重不匹配的问题。举个例子来说，比如要把100M的数据写入磁盘，CPU输出100M的数据只需要0.01秒，可是磁盘要接收这100M数据可能需要10秒，怎么办呢？有两种办法：

第一种是CPU等着，也就是程序暂停执行后续代码，等100M的数据在10秒后写入磁盘，再接着往下执行，这种模式称为同步IO；

另一种方法是CPU不等待，只是告诉磁盘，“您老慢慢写，不着急，我接着干别的事去了”，于是，后续代码可以立刻接着执行，这种模式称为异步IO。

同步和异步的区别就在于是否等待IO执行的结果。好比你去麦当劳点餐，你说“来个汉堡”，服务员告诉你，对不起，汉堡要现做，需要等5分钟，于是你站在收银台前面等了5分钟，拿到汉堡再去逛商场，这是同步IO。

你说“来个汉堡”，服务员告诉你，汉堡需要等5分钟，你可以先去逛商场，等做好了，我们再通知你，这样你可以立刻去干别的事情（逛商场），这是异步IO。

很明显，使用异步IO来编写程序性能会远远高于同步IO，但是异步IO的缺点是编程模型复杂。想想看，你得知道什么时候通知你“汉堡做好了”，而通知你的方法也各不相同。如果是服务员跑过来找到你，这是回调模式，如果服务员发短信通知你，你就得不停地检查手机，这是轮询模式。总之，异步IO的复杂度远远高于同步IO。

操作IO的能力都是由操作系统提供的，每一种编程语言都会把操作系统提供的低级C接口封装起来方便使用，Python也不例外。我们后面会详细讨论Python的IO编程接口。

注意，本章的IO编程都是同步模式，异步IO由于复杂度太高，后续涉及到服务器端程序开发时我们再讨论。

读写文件是最常见的IO操作。Python内置了读写文件的函数，用法和C是兼容的。

文件读写：
读写文件前，我们先必须了解一下，在磁盘上读写文件的功能都是由操作系统提供的，现代操作系统不允许普通的程序直接操作磁盘，所以，读写文件就是请求操作系统打开一个文件对象（通常称为文件描述符），然后，通过操作系统提供的接口从这个文件对象中读取数据（读文件），或者把数据写入这个文件对象（写文件）。

file-like Object
像open()函数返回的这种有个read()方法的对象，在Python中统称为file-like Object。除了file外，还可以是内存的字节流，网络流，自定义流等等。file-like Object不要求从特定类继承，只要写个read()方法就行。

StringIO就是在内存中创建的file-like Object，常用作临时缓冲。

二进制文件
前面讲的默认都是读取文本文件，并且是UTF-8编码的文本文件。要读取二进制文件，比如图片、视频等等，用'rb'模式打开文件即可：

>>> f = open('/Users/michael/test.jpg', 'rb')
>>> f.read()
b'\xff\xd8\xff\xe1\x00\x18Exif\x00\x00...' # 十六进制表示的字节

字符编码
要读取非UTF-8编码的文本文件，需要给open()函数传入encoding参数，例如，读取GBK编码的文件：

>>> f = open('/Users/michael/gbk.txt', 'r', encoding='gbk')
>>> f.read()
'测试'
遇到有些编码不规范的文件，你可能会遇到UnicodeDecodeError，因为在文本文件中可能夹杂了一些非法编码的字符。遇到这种情况，open()函数还接收一个errors参数，表示如果遇到编码错误后如何处理。最简单的方式是直接忽略：

>>> f = open('/Users/michael/gbk.txt', 'r', encoding='gbk', errors='ignore')

你可以反复调用write()来写入文件，但是务必要调用f.close()来关闭文件。当我们写文件时，操作系统往往不会立刻把数据写入磁盘，而是放到内存缓存起来，空闲的时候再慢慢写入。只有调用close()方法时，操作系统才保证把没有写入的数据全部写入磁盘。忘记调用close()的后果是数据可能只写了一部分到磁盘，剩下的丢失了。所以，还是用with语句来得保险：

with open('/Users/michael/test.txt', 'w') as f:
    f.write('Hello, world!')
要写入特定编码的文本文件，请给open()函数传入encoding参数，将字符串自动转换成指定编码。

细心的童鞋会发现，以'w'模式写入文件时，如果文件已存在，会直接覆盖（相当于删掉后新写入一个文件）。如果我们希望追加到文件末尾怎么办？可以传入'a'以追加（append）模式写入。

所有模式的定义及含义可以参考Python的官方文档。

操作文件和目录：
如果我们要操作文件、目录，可以在命令行下面输入操作系统提供的各种命令来完成。比如dir、cp等命令。
最后看看如何利用Python的特性来过滤文件。比如我们要列出当前目录下的所有目录，只需要一行代码：

>>> [x for x in os.listdir('.') if os.path.isdir(x)]
['.lein', '.local', '.m2', '.npm', '.ssh', '.Trash', '.vim', 'Applications', 'Desktop', ...]

要列出所有的.py文件，也只需一行代码：

>>> [x for x in os.listdir('.') if os.path.isfile(x) and os.path.splitext(x)[1]=='.py']
['apis.py', 'config.py', 'models.py', 'pymonitor.py', 'test_db.py', 'urls.py', 'wsgiapp.py']

序列化文件
在程序运行的过程中，所有的变量都是在内存中的

d = dict(name='Bob', age=20, score=88)
可以随时修改变量，比如把name改成'Bill'，但是一旦程序结束，变量所占用的内存就被操作系统全部回收。如果没有把修改后的'Bill'存储到磁盘上，下次重新运行程序，变量又被初始化为'Bob'。

我们把变量从内存中变成可存储或传输的过程称之为序列化，在Python中叫pickling，在其他语言中也被称之为serialization，marshalling，flattening等等，都是一个意思。
序列化之后，就可以把序列化后的内容写入磁盘，或者通过网络传输到别的机器上。

JSON
如果我们要在不同的编程语言之间传递对象，就必须把对象序列化为标准格式，比如XML，但更好的方法是序列化为JSON，因为JSON表示出来就是一个字符串，可以被所有语言读取，也可以方便地存储到磁盘或者通过网络传输。JSON不仅是标准格式，并且比XML更快，而且可以直接在Web页面中读取，非常方便。
JSON类型	        Python类型
{}	                dict
[]	                list
"string"	        str
1234.56	            int或float
true/false	        True/False
null	            None





































